[2025-07-24 18:19:56.495632] Error in /api/src: wrong url
[2025-07-24 18:28:37.668816] Error in /api/src__1: wrong url
[2025-07-24 18:30:13.083338] Error in /api/src__1: wrong url
[2025-07-24 18:30:13.564135] Error in /api/src__1: wrong url
[2025-07-24 18:30:42.368214] Error in /api/src__1: wrong url
[2025-07-24 18:30:42.910868] Error in /api/src__1: wrong url
[2025-07-24 18:34:46.515621] Error in /api/src__1: wrong url
